../Core/Src/main.c:87:5:main	8	static
../Core/Src/main.c:141:6:SystemClock_Config	112	static
../Core/Src/main.c:190:13:MX_ADC_Init	16	static
../Core/Src/main.c:254:13:MX_TIM21_Init	32	static
../Core/Src/main.c:299:13:MX_USART2_UART_Init	8	static
../Core/Src/main.c:332:13:MX_DMA_Init	16	static
../Core/Src/main.c:350:13:MX_GPIO_Init	16	static
../Core/Src/main.c:363:6:ADC_IsDone	16	static
../Core/Src/main.c:370:6:HAL_TIM_PeriodElapsedCallback	16	static
../Core/Src/main.c:384:6:Error_Handler	8	static,ignoring_inline_asm
